=== dh-check: relay-lite ===
设计文档·验收清单: (未解析到)

❌ 失败 6:
  workspace/36-RLT_36-watcher-reliability/review.md　R12 需求对齐证据第1行缺结论（满足 / 不满足 / 待人验）
  workspace/36-RLT_36-watcher-reliability/review.md　R12 需求对齐证据第2行缺结论（满足 / 不满足 / 待人验）
  workspace/36-RLT_36-watcher-reliability/review.md　R12 需求对齐证据第3行缺结论（满足 / 不满足 / 待人验）
  dev_plan/P4-watcher可靠性.md　R29 EVIDENCE_BINDING event=RLT36-B-20261009 在模块交叉审核记录中必须恰有 review/understanding 各一条且 artifact 精确相等，实得 0 条
  dev_plan/P4-watcher可靠性.md　R29 EVENT_TARGET review 目标必须是 design 白名单内的交叉审核记录: workspace/36-RLT_36-watcher-reliability/review.plan.md
  dev_plan/P4-watcher可靠性.md　R29 EVENT_TARGET understanding 目标必须是 design 白名单内的交叉审核记录: workspace/36-RLT_36-watcher-reliability/review.plan.md

⚠️  警告 12:
  workspace/36-RLT_36-watcher-reliability/review.md　R8 引用证据 E-003 但 progress 证据账本为空/缺失，无法核对（疑似编造，先 warn）
  workspace/36-RLT_36-watcher-reliability/review.md　R8 引用证据 E-004 但 progress 证据账本为空/缺失，无法核对（疑似编造，先 warn）
  workspace/36-RLT_36-watcher-reliability/review.md　R16 无测试证据：收口工作区 progress 证据账本未见 类型=test，确认是纯文档/样式任务？
  dev_plan/P1-独立交付.md　R19 dev_plan 新文件命名建议为 P{N}-{计划名}-开发方案.md（warn 级，不自动改名）
  dev_plan/P2-会话清理维护.md　R19 dev_plan 新文件命名建议为 P{N}-{计划名}-开发方案.md（warn 级，不自动改名）
  dev_plan/P3-环境派发与监控.md　R19 dev_plan 新文件命名建议为 P{N}-{计划名}-开发方案.md（warn 级，不自动改名）
  dev_plan/P4-watcher可靠性.md　R19 dev_plan 新文件命名建议为 P{N}-{计划名}-开发方案.md（warn 级，不自动改名）
  workspace/36-RLT_36-watcher-reliability　R30 只对账未提交变化：任务分支「wt/RLT_36」尚无任务提交（分叉点=分支尖端），没有已提交范围可比，已提交变化不适用本闸
  workspace/33-RLT_33-independent/brief.md　R14 任务「RLT_33」找不到 DevPlan 计划卡验收口径，无法核对 brief 是否漂移
  workspace/34-RLT_34-session-clear/brief.md　R14 任务「RLT_34」找不到 DevPlan 计划卡验收口径，无法核对 brief 是否漂移
  workspace/35-RLT_35-environment-dispatch/brief.md　R14 任务「RLT_35」找不到 DevPlan 计划卡验收口径，无法核对 brief 是否漂移
  workspace/36-RLT_36-watcher-reliability/brief.md　R14 任务「RLT_36」找不到 DevPlan 计划卡验收口径，无法核对 brief 是否漂移

合计: 6 失败, 12 警告

=== 任务卡写法软报告（只读 warn，不影响退出码） ===
三字段空转: 0 | 单条验收密度: 0 | 缺少增量边界: 0
  计划 dev_plan/P4-watcher可靠性.md
    warn dev_plan/P4-watcher可靠性.md:1 增量边界 无法判定：无组件表且无显式前序任务引用，交回 B 人工审核
