=== dh-check: relay-lite ===
设计文档·验收清单: (未解析到)

❌ 失败 3:
  workspace/36-RLT_36-watcher-reliability/review.md　R12 缺「需求对齐证据」表（不能用测试通过/代码复核替代需求验收）
  dev_plan/P4-watcher可靠性.md　R30 任务「RLT_36」标了 task_type 却无法解析允许路径（allowed-paths-missing）——变更范围对账 fail-closed：请在任务卡补 <!-- dh:allowed-paths:v1 task=RLT_36 --> 与逐条反引号路径列表
  dev_plan/P4-watcher可靠性.md　R29 EVENT_COUNT 当前规划事件必须恰好一条，实得 0

⚠️  警告 9:
  workspace/36-RLT_36-watcher-reliability/review.md　R16 无测试证据：收口工作区 progress 证据账本未见 类型=test，确认是纯文档/样式任务？
  dev_plan/P1-独立交付.md　R19 dev_plan 新文件命名建议为 P{N}-{计划名}-开发方案.md（warn 级，不自动改名）
  dev_plan/P2-会话清理维护.md　R19 dev_plan 新文件命名建议为 P{N}-{计划名}-开发方案.md（warn 级，不自动改名）
  dev_plan/P3-环境派发与监控.md　R19 dev_plan 新文件命名建议为 P{N}-{计划名}-开发方案.md（warn 级，不自动改名）
  dev_plan/P4-watcher可靠性.md　R19 dev_plan 新文件命名建议为 P{N}-{计划名}-开发方案.md（warn 级，不自动改名）
  workspace/33-RLT_33-independent/brief.md　R14 任务「RLT_33」找不到 DevPlan 计划卡验收口径，无法核对 brief 是否漂移
  workspace/34-RLT_34-session-clear/brief.md　R14 任务「RLT_34」找不到 DevPlan 计划卡验收口径，无法核对 brief 是否漂移
  workspace/35-RLT_35-environment-dispatch/brief.md　R14 任务「RLT_35」找不到 DevPlan 计划卡验收口径，无法核对 brief 是否漂移
  workspace/36-RLT_36-watcher-reliability/brief.md　R14 任务「RLT_36」找不到 DevPlan 计划卡验收口径，无法核对 brief 是否漂移

合计: 3 失败, 9 警告

=== 任务卡写法软报告（只读 warn，不影响退出码） ===
三字段空转: 0 | 单条验收密度: 0 | 缺少增量边界: 0
  计划 dev_plan/P4-watcher可靠性.md
    warn dev_plan/P4-watcher可靠性.md:1 增量边界 无法判定：无组件表且无显式前序任务引用，交回 B 人工审核
