=== dh-check: relay-lite ===
设计文档·验收清单: (未解析到)

❌ 失败 6:
  dev_plan/P3-环境派发与监控.md　R29 EVENT_STAGE 当前工件应为 stage=B-adjust，实得 B-new
  dev_plan/P3-环境派发与监控.md　R29 EVENT_STALE planning-event 必须在当前 HEAD 变化集中新增或修改
  dev_plan/P3-环境派发与监控.md　R29 EVIDENCE_STALE review 目标不在当前 HEAD 变化集中: design/evidence/02-交叉审核记录-RLT_35.md
  dev_plan/P3-环境派发与监控.md　R29 EVIDENCE_STALE review evidence marker 必须在当前 HEAD 变化集中新增或修改
  dev_plan/P3-环境派发与监控.md　R29 EVIDENCE_STALE understanding 目标不在当前 HEAD 变化集中: design/evidence/02-交叉审核记录-RLT_35.md
  dev_plan/P3-环境派发与监控.md　R29 EVIDENCE_STALE understanding evidence marker 必须在当前 HEAD 变化集中新增或修改

⚠️  警告 6:
  dev_plan/P1-独立交付.md　R19 dev_plan 新文件命名建议为 P{N}-{计划名}-开发方案.md（warn 级，不自动改名）
  dev_plan/P2-会话清理维护.md　R19 dev_plan 新文件命名建议为 P{N}-{计划名}-开发方案.md（warn 级，不自动改名）
  dev_plan/P3-环境派发与监控.md　R19 dev_plan 新文件命名建议为 P{N}-{计划名}-开发方案.md（warn 级，不自动改名）
  workspace/33-RLT_33-independent/brief.md　R14 任务「RLT_33」找不到 DevPlan 计划卡验收口径，无法核对 brief 是否漂移
  workspace/34-RLT_34-session-clear/brief.md　R14 任务「RLT_34」找不到 DevPlan 计划卡验收口径，无法核对 brief 是否漂移
  workspace/35-RLT_35-environment-dispatch/brief.md　R14 任务「RLT_35」找不到 DevPlan 计划卡验收口径，无法核对 brief 是否漂移

合计: 6 失败, 6 警告

=== 任务卡写法软报告（只读 warn，不影响退出码） ===
三字段空转: 0 | 单条验收密度: 0 | 缺少增量边界: 0
  计划 dev_plan/P3-环境派发与监控.md
    warn dev_plan/P3-环境派发与监控.md:1 增量边界 无法判定：无组件表且无显式前序任务引用，交回 B 人工审核
