=== dh-check: relay-lite ===
设计文档·验收清单: (未解析到)

❌ 失败 6:
  workspace/37-RLT_37-role-responsibilities/visual_map.md　R6 步骤1「完成%」不是整数: 读取角色及指南
  workspace/37-RLT_37-role-responsibilities/visual_map.md　R6 步骤1「证据状态」非法: E-004协议推演（须 missing/partial/present/waived）
  workspace/37-RLT_37-role-responsibilities/visual_map.md　R6 步骤2「完成%」不是整数: 临时home安装与缺包反例
  workspace/37-RLT_37-role-responsibilities/visual_map.md　R6 步骤2「证据状态」非法: E-002（须 missing/partial/present/waived）
  workspace/37-RLT_37-role-responsibilities/visual_map.md　R6 步骤3「完成%」不是整数: 删除指南分发项再恢复
  workspace/37-RLT_37-role-responsibilities/visual_map.md　R6 步骤3「证据状态」非法: E-003（须 missing/partial/present/waived）

⚠️  警告 11:
  workspace/37-RLT_37-role-responsibilities/visual_map.md　R6 步骤表表头缺「完成」列
  dev_plan/P1-独立交付.md　R19 dev_plan 新文件命名建议为 P{N}-{计划名}-开发方案.md（warn 级，不自动改名）
  dev_plan/P2-会话清理维护.md　R19 dev_plan 新文件命名建议为 P{N}-{计划名}-开发方案.md（warn 级，不自动改名）
  dev_plan/P3-环境派发与监控.md　R19 dev_plan 新文件命名建议为 P{N}-{计划名}-开发方案.md（warn 级，不自动改名）
  dev_plan/P4-watcher可靠性.md　R19 dev_plan 新文件命名建议为 P{N}-{计划名}-开发方案.md（warn 级，不自动改名）
  dev_plan/P5-角色职责维护.md　R19 dev_plan 新文件命名建议为 P{N}-{计划名}-开发方案.md（warn 级，不自动改名）
  workspace/33-RLT_33-independent/brief.md　R14 任务「RLT_33」找不到 DevPlan 计划卡验收口径，无法核对 brief 是否漂移
  workspace/34-RLT_34-session-clear/brief.md　R14 任务「RLT_34」找不到 DevPlan 计划卡验收口径，无法核对 brief 是否漂移
  workspace/35-RLT_35-environment-dispatch/brief.md　R14 任务「RLT_35」找不到 DevPlan 计划卡验收口径，无法核对 brief 是否漂移
  workspace/36-RLT_36-watcher-reliability/brief.md　R14 任务「RLT_36」找不到 DevPlan 计划卡验收口径，无法核对 brief 是否漂移
  workspace/37-RLT_37-role-responsibilities/brief.md　R14 任务「RLT_37」找不到 DevPlan 计划卡验收口径，无法核对 brief 是否漂移

合计: 6 失败, 11 警告

=== 任务卡写法软报告（只读 warn，不影响退出码） ===
三字段空转: 0 | 单条验收密度: 0 | 缺少增量边界: 0
  计划 dev_plan/P5-角色职责维护.md
    warn dev_plan/P5-角色职责维护.md:1 增量边界 无法判定：无组件表且无显式前序任务引用，交回 B 人工审核
